<?xml version='1.0' encoding='utf-8'?>
<testsuites tests="6" failures="0" errors="6" time="0.01715230941772461" />